{
  "auth_enabled": false,
  "chunk_store_config": {
    "max_look_back_period": "0s"
  },
  "compactor": {
    "shared_store": "filesystem",
    "working_directory": "/data/loki/boltdb-shipper-compactor"
  },
  "ingester": {
    "chunk_block_size": 262144,
    "chunk_idle_period": "3m",
    "chunk_retain_period": "1m",
    "lifecycler": {
      "ring": {
        "kvstore": {
          "store": "inmemory"
        },
        "replication_factor": 1
      }
    },
    "max_transfer_retries": 0
  },
  "limits_config": {
    "enforce_metric_name": false,
    "reject_old_samples": true,
    "reject_old_samples_max_age": "168h"
  },
  "schema_config": {
    "configs": [
      {
        "from": "2020-10-24",
        "index": {
          "period": "24h",
          "prefix": "index_"
        },
        "object_store": "filesystem",
        "schema": "v11",
        "store": "boltdb-shipper"
      },
      {
        "from": "2022-05-09",
        "store": "aws",
        "object_store": "s3",
        "schema": "v11",
        "index": {
          "prefix": "okctl-mock-cluster-loki-index_",
          "period": "336h"
        }
      }
    ]
  },
  "server": {
    "http_listen_port": 3100
  },
  "storage_config": {
    "boltdb_shipper": {
      "active_index_directory": "/data/loki/boltdb-shipper-active",
      "cache_location": "/data/loki/boltdb-shipper-cache",
      "cache_ttl": "24h",
      "shared_store": "filesystem"
    },
    "filesystem": {
      "directory": "/data/loki/chunks"
    },
    "aws": {
      "s3": "s3://eu-test-1",
      "bucketnames": "mock-bucket",
      "dynamodb": {
        "dynamodb_url": "dynamodb://eu-test-1"
      },
      "sse_encryption": true
    }
  },
  "table_manager": {
    "retention_deletes_enabled": true,
    "retention_period": "1344h",
    "index_tables_provisioning": {
      "enable_ondemand_throughput_mode": true,
      "enable_inactive_throughput_on_demand_mode": true
    }
  }
}