apiVersion: argoproj.io/v1alpha1
kind: Application
metadata:
  name: namespaces
  namespace: argocd
spec:
  destination:
    namespace: argocd
    server: https://kubernetes.default.svc
  project: default
  source:
    path: infrastructure/mock-cluster/argocd/namespaces
    repoURL: git@github.com:mockorg/mockrepo
    targetRevision: HEAD
  syncPolicy:
    automated:
      prune: true
      selfHeal: false

---
